Archive member included because of file (symbol)

c:/winavr-20100110/bin/../lib/gcc/avr/4.3.3/../../../../avr/lib/avr6\libm.a(addsf3.o)
                              motors.o (__subsf3)
c:/winavr-20100110/bin/../lib/gcc/avr/4.3.3/../../../../avr/lib/avr6\libm.a(addsf3x.o)
                              c:/winavr-20100110/bin/../lib/gcc/avr/4.3.3/../../../../avr/lib/avr6\libm.a(addsf3.o) (__addsf3x)
c:/winavr-20100110/bin/../lib/gcc/avr/4.3.3/../../../../avr/lib/avr6\libm.a(atan2.o)
                              sensors.o (atan2)
c:/winavr-20100110/bin/../lib/gcc/avr/4.3.3/../../../../avr/lib/avr6\libm.a(atan.o)
                              c:/winavr-20100110/bin/../lib/gcc/avr/4.3.3/../../../../avr/lib/avr6\libm.a(atan2.o) (atan)
c:/winavr-20100110/bin/../lib/gcc/avr/4.3.3/../../../../avr/lib/avr6\libm.a(cmpsf2.o)
                              main.o (__lesf2)
c:/winavr-20100110/bin/../lib/gcc/avr/4.3.3/../../../../avr/lib/avr6\libm.a(cos.o)
                              motors.o (cos)
c:/winavr-20100110/bin/../lib/gcc/avr/4.3.3/../../../../avr/lib/avr6\libm.a(divsf3.o)
                              motors.o (__divsf3)
c:/winavr-20100110/bin/../lib/gcc/avr/4.3.3/../../../../avr/lib/avr6\libm.a(divsf3x.o)
                              c:/winavr-20100110/bin/../lib/gcc/avr/4.3.3/../../../../avr/lib/avr6\libm.a(divsf3.o) (__divsf3x)
c:/winavr-20100110/bin/../lib/gcc/avr/4.3.3/../../../../avr/lib/avr6\libm.a(fixsfsi.o)
                              main.o (__fixsfsi)
c:/winavr-20100110/bin/../lib/gcc/avr/4.3.3/../../../../avr/lib/avr6\libm.a(fixunssfsi.o)
                              main.o (__fixunssfsi)
c:/winavr-20100110/bin/../lib/gcc/avr/4.3.3/../../../../avr/lib/avr6\libm.a(floatsisf.o)
                              motors.o (__floatunsisf)
c:/winavr-20100110/bin/../lib/gcc/avr/4.3.3/../../../../avr/lib/avr6\libm.a(fp_cmp.o)
                              c:/winavr-20100110/bin/../lib/gcc/avr/4.3.3/../../../../avr/lib/avr6\libm.a(cmpsf2.o) (__fp_cmp)
c:/winavr-20100110/bin/../lib/gcc/avr/4.3.3/../../../../avr/lib/avr6\libm.a(fp_inf.o)
                              c:/winavr-20100110/bin/../lib/gcc/avr/4.3.3/../../../../avr/lib/avr6\libm.a(addsf3x.o) (__fp_inf)
c:/winavr-20100110/bin/../lib/gcc/avr/4.3.3/../../../../avr/lib/avr6\libm.a(fp_nan.o)
                              c:/winavr-20100110/bin/../lib/gcc/avr/4.3.3/../../../../avr/lib/avr6\libm.a(addsf3x.o) (__fp_nan)
c:/winavr-20100110/bin/../lib/gcc/avr/4.3.3/../../../../avr/lib/avr6\libm.a(fp_powser.o)
                              c:/winavr-20100110/bin/../lib/gcc/avr/4.3.3/../../../../avr/lib/avr6\libm.a(atan.o) (__fp_powser)
c:/winavr-20100110/bin/../lib/gcc/avr/4.3.3/../../../../avr/lib/avr6\libm.a(fp_pscA.o)
                              c:/winavr-20100110/bin/../lib/gcc/avr/4.3.3/../../../../avr/lib/avr6\libm.a(addsf3x.o) (__fp_pscA)
c:/winavr-20100110/bin/../lib/gcc/avr/4.3.3/../../../../avr/lib/avr6\libm.a(fp_pscB.o)
                              c:/winavr-20100110/bin/../lib/gcc/avr/4.3.3/../../../../avr/lib/avr6\libm.a(addsf3x.o) (__fp_pscB)
c:/winavr-20100110/bin/../lib/gcc/avr/4.3.3/../../../../avr/lib/avr6\libm.a(fp_rempio2.o)
                              c:/winavr-20100110/bin/../lib/gcc/avr/4.3.3/../../../../avr/lib/avr6\libm.a(cos.o) (__fp_rempio2)
c:/winavr-20100110/bin/../lib/gcc/avr/4.3.3/../../../../avr/lib/avr6\libm.a(fp_round.o)
                              c:/winavr-20100110/bin/../lib/gcc/avr/4.3.3/../../../../avr/lib/avr6\libm.a(addsf3.o) (__fp_round)
c:/winavr-20100110/bin/../lib/gcc/avr/4.3.3/../../../../avr/lib/avr6\libm.a(fp_sinus.o)
                              c:/winavr-20100110/bin/../lib/gcc/avr/4.3.3/../../../../avr/lib/avr6\libm.a(cos.o) (__fp_sinus)
c:/winavr-20100110/bin/../lib/gcc/avr/4.3.3/../../../../avr/lib/avr6\libm.a(fp_split3.o)
                              c:/winavr-20100110/bin/../lib/gcc/avr/4.3.3/../../../../avr/lib/avr6\libm.a(addsf3x.o) (__fp_split3)
c:/winavr-20100110/bin/../lib/gcc/avr/4.3.3/../../../../avr/lib/avr6\libm.a(fp_zero.o)
                              c:/winavr-20100110/bin/../lib/gcc/avr/4.3.3/../../../../avr/lib/avr6\libm.a(addsf3x.o) (__fp_zero)
c:/winavr-20100110/bin/../lib/gcc/avr/4.3.3/../../../../avr/lib/avr6\libm.a(gesf2.o)
                              main.o (__gesf2)
c:/winavr-20100110/bin/../lib/gcc/avr/4.3.3/../../../../avr/lib/avr6\libm.a(inverse.o)
                              c:/winavr-20100110/bin/../lib/gcc/avr/4.3.3/../../../../avr/lib/avr6\libm.a(atan.o) (inverse)
c:/winavr-20100110/bin/../lib/gcc/avr/4.3.3/../../../../avr/lib/avr6\libm.a(mulsf3.o)
                              main.o (__mulsf3)
c:/winavr-20100110/bin/../lib/gcc/avr/4.3.3/../../../../avr/lib/avr6\libm.a(mulsf3x.o)
                              c:/winavr-20100110/bin/../lib/gcc/avr/4.3.3/../../../../avr/lib/avr6\libm.a(atan.o) (__mulsf3x)
c:/winavr-20100110/bin/../lib/gcc/avr/4.3.3/../../../../avr/lib/avr6\libm.a(sin.o)
                              motors.o (sin)
c:/winavr-20100110/bin/../lib/gcc/avr/4.3.3/../../../../avr/lib/avr6\libm.a(square.o)
                              c:/winavr-20100110/bin/../lib/gcc/avr/4.3.3/../../../../avr/lib/avr6\libm.a(atan.o) (square)
c:/winavr-20100110/bin/../lib/gcc/avr/4.3.3/../../../../avr/lib/avr6\libm.a(fp_mpack.o)
                              c:/winavr-20100110/bin/../lib/gcc/avr/4.3.3/../../../../avr/lib/avr6\libm.a(fp_rempio2.o) (__fp_mpack_finite)
c:/winavr-20100110/bin/../lib/gcc/avr/4.3.3/../../../../avr/lib/avr6\libm.a(fp_powsodd.o)
                              c:/winavr-20100110/bin/../lib/gcc/avr/4.3.3/../../../../avr/lib/avr6\libm.a(fp_sinus.o) (__fp_powsodd)
c:/winavr-20100110/bin/../lib/gcc/avr/4.3.3/avr6\libgcc.a(_mulsi3.o)
                              behaviors.o (__mulsi3)
c:/winavr-20100110/bin/../lib/gcc/avr/4.3.3/avr6\libgcc.a(_udivmodhi4.o)
                              mirf.o (__udivmodhi4)
c:/winavr-20100110/bin/../lib/gcc/avr/4.3.3/avr6\libgcc.a(_divmodhi4.o)
                              main.o (__divmodhi4)
c:/winavr-20100110/bin/../lib/gcc/avr/4.3.3/avr6\libgcc.a(_divmodsi4.o)
                              motors.o (__divmodsi4)
c:/winavr-20100110/bin/../lib/gcc/avr/4.3.3/avr6\libgcc.a(_exit.o)
                              c:/winavr-20100110/bin/../lib/gcc/avr/4.3.3/../../../../avr/lib/avr6/crtm2560.o (exit)
c:/winavr-20100110/bin/../lib/gcc/avr/4.3.3/avr6\libgcc.a(_clear_bss.o)
                              mirf.o (__do_clear_bss)
c:/winavr-20100110/bin/../lib/gcc/avr/4.3.3/avr6\libgcc.a(_udivmodsi4.o)
                              c:/winavr-20100110/bin/../lib/gcc/avr/4.3.3/avr6\libgcc.a(_divmodsi4.o) (__udivmodsi4)
c:/winavr-20100110/bin/../lib/gcc/avr/4.3.3/../../../../avr/lib/avr6\libc.a(rand.o)
                              main.o (rand)
c:/winavr-20100110/bin/../lib/gcc/avr/4.3.3/../../../../avr/lib/avr6\libc.a(memset.o)
                              adc.o (memset)
c:/winavr-20100110/bin/../lib/gcc/avr/4.3.3/../../../../avr/lib/avr6\libc.a(eerd_block_atmega2560.o)
                              eepromIO.o (__eerd_block_m2560)
c:/winavr-20100110/bin/../lib/gcc/avr/4.3.3/../../../../avr/lib/avr6\libc.a(eerd_byte_atmega2560.o)
                              utility.o (__eerd_byte_m2560)
c:/winavr-20100110/bin/../lib/gcc/avr/4.3.3/../../../../avr/lib/avr6\libc.a(eerd_word_atmega2560.o)
                              utility.o (__eerd_word_m2560)
c:/winavr-20100110/bin/../lib/gcc/avr/4.3.3/../../../../avr/lib/avr6\libc.a(eeupd_block_atmega2560.o)
                              eepromIO.o (__eeupd_block_m2560)
c:/winavr-20100110/bin/../lib/gcc/avr/4.3.3/../../../../avr/lib/avr6\libc.a(eeupd_byte_atmega2560.o)
                              c:/winavr-20100110/bin/../lib/gcc/avr/4.3.3/../../../../avr/lib/avr6\libc.a(eeupd_block_atmega2560.o) (__eeupd_r18_m2560)
c:/winavr-20100110/bin/../lib/gcc/avr/4.3.3/../../../../avr/lib/avr6\libc.a(eeupd_word_atmega2560.o)
                              eepromIO.o (__eeupd_word_m2560)
c:/winavr-20100110/bin/../lib/gcc/avr/4.3.3/../../../../avr/lib/avr6\libc.a(eewr_byte_atmega2560.o)
                              usart.o (__eewr_byte_m2560)
c:/winavr-20100110/bin/../lib/gcc/avr/4.3.3/../../../../avr/lib/avr6\libc.a(eewr_word_atmega2560.o)
                              main.o (__eewr_word_m2560)

Allocating common symbols
Common symbol       size              file

irCommMinSensorValueCurr
                    0x2               variables.o
irCommMaxSensorValueCurrTemp
                    0x4               variables.o
irCommStateTemp     0xe               variables.o
irCommMaxSensorValueCurr
                    0x2               variables.o
timeOdometry        0x4               variables.o
currentOsccal       0x1               variables.o
irCommSwitchCountTemp
                    0x2               variables.o
calibWheel          0x1               variables.o
irCommTxBitToTransmit
                    0xc               variables.o
PTX                 0x1               mirf.o
irCommRxBitReceived
                    0xa               variables.o
irCommSyncStateTemp
                    0x2               variables.o
irCommComputeShiftTemp
                    0x2               variables.o
calibrateOdomFlag   0x1               variables.o
irCommProxMeanTemp  0x4               variables.o
delta_left_speed_current
                    0x2               variables.o
irCommRxStartBitDetectedTemp
                    0x2               variables.o
irCommMaxSensorSignalFiltTemp
                    0x50              variables.o
irCommMinSensorValueAdc
                    0x2               variables.o
irCommRxPeakHighToLowTemp
                    0x2               variables.o
irCommProxValuesBuff1
                    0x140             variables.o
irCommRxStartPeakDurationTemp
                    0x2               variables.o
irCommProxValuesBuff2
                    0x140             variables.o
irCommProxValuesCurr
                    0x2               variables.o
irCommMinSensorValueBuff1
                    0x10              variables.o
irCommRxBitReceivedTemp
                    0xa               variables.o
irCommProxValuesAdc
                    0x2               variables.o
irCommMaxSensorSignalTemp
                    0x50              variables.o
calibVelIndex       0x1               variables.o
irCommStartDiffTemp
                    0x4               variables.o
delta_right_speed_prev
                    0x2               variables.o
ackPayload          0x10              variables.o
irCommMinSensorValueBuff2
                    0x10              variables.o
calibration         0x90              variables.o
dataLED             0x6               variables.o
irCommMaxSensorValueBuff1
                    0x10              variables.o
delta_left_speed_prev
                    0x2               variables.o
rfData              0xd               variables.o
irCommBitsSignalTemp
                    0x190             variables.o
delta_right_speed_current
                    0x2               variables.o
irCommRxMaxSensorTemp
                    0x4               variables.o
irCommMinSensorValueCurrTemp
                    0x4               variables.o
timeoutOdometry     0x4               variables.o
irCommShiftCountFinalTemp
                    0x2               variables.o
irCommMaxSensorValueAdc
                    0x2               variables.o
irCommMaxSensorSignal
                    0x28              variables.o
calibState          0x1               variables.o
irCommRxMaxDiffTemp
                    0x4               variables.o
irCommMaxSensorValueBuff2
                    0x10              variables.o
tempVel             0x2               variables.o
irCommTempPointer   0x2               variables.o
startCalibration    0x1               variables.o
irCommShiftCountTemp
                    0x2               variables.o

Memory Configuration

Name             Origin             Length             Attributes
text             0x00000000         0x00100000         xr
data             0x00800200         0x0000fe00         rw !x
eeprom           0x00810000         0x00010000         rw !x
fuse             0x00820000         0x00000400         rw !x
lock             0x00830000         0x00000400         rw !x
signature        0x00840000         0x00000400         rw !x
*default*        0x00000000         0xffffffff

Linker script and memory map

Address of section .data set to 0x800200
LOAD c:/winavr-20100110/bin/../lib/gcc/avr/4.3.3/../../../../avr/lib/avr6/crtm2560.o
LOAD main.o
LOAD spi.o
LOAD mirf.o
LOAD ir_remote_control.o
LOAD speed_control.o
LOAD variables.o
LOAD ports_io.o
LOAD twimaster.o
LOAD usart.o
LOAD utility.o
LOAD adc.o
LOAD motors.o
LOAD behaviors.o
LOAD leds.o
LOAD sensors.o
LOAD eepromIO.o
LOAD irCommunication.o
LOAD c:/winavr-20100110/bin/../lib/gcc/avr/4.3.3/../../../../avr/lib/avr6\libm.a
LOAD c:/winavr-20100110/bin/../lib/gcc/avr/4.3.3/avr6\libgcc.a
LOAD c:/winavr-20100110/bin/../lib/gcc/avr/4.3.3/../../../../avr/lib/avr6\libc.a
LOAD c:/winavr-20100110/bin/../lib/gcc/avr/4.3.3/avr6\libgcc.a

.hash
 *(.hash)

.dynsym
 *(.dynsym)

.dynstr
 *(.dynstr)

.gnu.version
 *(.gnu.version)

.gnu.version_d
 *(.gnu.version_d)

.gnu.version_r
 *(.gnu.version_r)

.rel.init
 *(.rel.init)

.rela.init
 *(.rela.init)

.rel.text
 *(.rel.text)
 *(.rel.text.*)
 *(.rel.gnu.linkonce.t*)

.rela.text
 *(.rela.text)
 *(.rela.text.*)
 *(.rela.gnu.linkonce.t*)

.rel.fini
 *(.rel.fini)

.rela.fini
 *(.rela.fini)

.rel.rodata
 *(.rel.rodata)
 *(.rel.rodata.*)
 *(.rel.gnu.linkonce.r*)

.rela.rodata
 *(.rela.rodata)
 *(.rela.rodata.*)
 *(.rela.gnu.linkonce.r*)

.rel.data
 *(.rel.data)
 *(.rel.data.*)
 *(.rel.gnu.linkonce.d*)

.rela.data
 *(.rela.data)
 *(.rela.data.*)
 *(.rela.gnu.linkonce.d*)

.rel.ctors
 *(.rel.ctors)

.rela.ctors
 *(.rela.ctors)

.rel.dtors
 *(.rel.dtors)

.rela.dtors
 *(.rela.dtors)

.rel.got
 *(.rel.got)

.rela.got
 *(.rela.got)

.rel.bss
 *(.rel.bss)

.rela.bss
 *(.rela.bss)

.rel.plt
 *(.rel.plt)

.rela.plt
 *(.rela.plt)

.text           0x00000000     0xbc02
 *(.vectors)
 .vectors       0x00000000       0xe4 c:/winavr-20100110/bin/../lib/gcc/avr/4.3.3/../../../../avr/lib/avr6/crtm2560.o
                0x00000000                __vectors
                0x00000000                __vector_default
 *(.vectors)
 *(.progmem.gcc*)
 .progmem.gcc_sw_table
                0x000000e4       0x6a ir_remote_control.o
 .progmem.gcc_fplib
                0x0000014e       0x2d c:/winavr-20100110/bin/../lib/gcc/avr/4.3.3/../../../../avr/lib/avr6\libm.a(atan.o)
 .progmem.gcc_fplib
                0x0000017b       0x1e c:/winavr-20100110/bin/../lib/gcc/avr/4.3.3/../../../../avr/lib/avr6\libm.a(fp_sinus.o)
 *(.progmem*)
                0x0000019a                . = ALIGN (0x2)
 *fill*         0x00000199        0x1 00
                0x0000019a                __trampolines_start = .
 *(.trampolines)
 .trampolines   0x0000019a        0x0 linker stubs
 *(.trampolines*)
                0x0000019a                __trampolines_end = .
 *(.jumptables)
 *(.jumptables*)
 *(.lowtext)
 *(.lowtext*)
                0x0000019a                __ctors_start = .
 *(.ctors)
                0x0000019a                __ctors_end = .
                0x0000019a                __dtors_start = .
 *(.dtors)
                0x0000019a                __dtors_end = .
 SORT(*)(.ctors)
 SORT(*)(.dtors)
 *(.init0)
 .init0         0x0000019a        0x0 c:/winavr-20100110/bin/../lib/gcc/avr/4.3.3/../../../../avr/lib/avr6/crtm2560.o
                0x0000019a                __init
 *(.init0)
 *(.init1)
 *(.init1)
 *(.init2)
 .init2         0x0000019a       0x10 c:/winavr-20100110/bin/../lib/gcc/avr/4.3.3/../../../../avr/lib/avr6/crtm2560.o
 *(.init2)
 *(.init3)
 *(.init3)
 *(.init4)
 .init4         0x000001aa       0x1a c:/winavr-20100110/bin/../lib/gcc/avr/4.3.3/../../../../avr/lib/avr6/crtm2560.o
                0x000001aa                __do_copy_data
 .init4         0x000001c4       0x10 c:/winavr-20100110/bin/../lib/gcc/avr/4.3.3/avr6\libgcc.a(_clear_bss.o)
                0x000001c4                __do_clear_bss
 *(.init4)
 *(.init5)
 *(.init5)
 *(.init6)
 *(.init6)
 *(.init7)
 *(.init7)
 *(.init8)
 *(.init8)
 *(.init9)
 .init9         0x000001d4        0x8 c:/winavr-20100110/bin/../lib/gcc/avr/4.3.3/../../../../avr/lib/avr6/crtm2560.o
 *(.init9)
 *(.text)
 .text          0x000001dc        0x4 c:/winavr-20100110/bin/../lib/gcc/avr/4.3.3/../../../../avr/lib/avr6/crtm2560.o
                0x000001dc                __vector_38
                0x000001dc                __vector_22
                0x000001dc                __vector_28
                0x000001dc                __vector_1
                0x000001dc                __vector_34
                0x000001dc                __vector_24
                0x000001dc                __vector_12
                0x000001dc                __vector_55
                0x000001dc                __vector_46
                0x000001dc                __bad_interrupt
                0x000001dc                __vector_6
                0x000001dc                __vector_31
                0x000001dc                __vector_39
                0x000001dc                __vector_3
                0x000001dc                __vector_23
                0x000001dc                __vector_30
                0x000001dc                __vector_11
                0x000001dc                __vector_54
                0x000001dc                __vector_17
                0x000001dc                __vector_19
                0x000001dc                __vector_56
                0x000001dc                __vector_7
                0x000001dc                __vector_49
                0x000001dc                __vector_41
                0x000001dc                __vector_27
                0x000001dc                __vector_5
                0x000001dc                __vector_47
                0x000001dc                __vector_52
                0x000001dc                __vector_37
                0x000001dc                __vector_4
                0x000001dc                __vector_44
                0x000001dc                __vector_51
                0x000001dc                __vector_9
                0x000001dc                __vector_2
                0x000001dc                __vector_21
                0x000001dc                __vector_36
                0x000001dc                __vector_40
                0x000001dc                __vector_8
                0x000001dc                __vector_26
                0x000001dc                __vector_48
                0x000001dc                __vector_14
                0x000001dc                __vector_53
                0x000001dc                __vector_50
                0x000001dc                __vector_16
                0x000001dc                __vector_18
                0x000001dc                __vector_20
 .text          0x000001e0     0x19d0 main.o
                0x000001e0                main
 .text          0x00001bb0      0x108 spi.o
                0x00001c8e                SPI_Write_Byte
                0x00001bee                closeSPI
                0x00001bf4                SPI_Write_Block
                0x00001bb0                SPI_WAIT
                0x00001bd6                initSPI
                0x00001c36                SPI_ReadWrite_Block
 .text          0x00001cb8      0xba8 mirf.o
                0x00001eb6                mirf_config
                0x00001d58                mirf_read_register
                0x00001cc6                rfDisableDebugMode
                0x00001fbc                mirf_init
                0x00001e26                mirf_set_TADDR
                0x00001ccc                rfDebugNextPacket
                0x00001ce0                readPayloadWidthFromTopFifo
                0x00001cd4                flushTxFifo
                0x00001e44                mirf_set_RADDR
                0x00001d32                mirf_write_register
                0x00001dc8                readPayloadWidthFromPipe0
                0x00002828                rfDebugSendData
                0x00001ff6                handleRFCommands
                0x00001d18                mirf_data_ready
                0x00001fc6                mirf_get_data
                0x00001e66                mirf_send
                0x00001d7e                writeAckPayload
                0x00001d0c                flush_rx_fifo
                0x00001cf2                mirf_config_register
                0x00001cb8                rfEnableDebugMode
                0x00001df6                rx_fifo_is_empty
 .text          0x00002860      0x7d2 ir_remote_control.o
                0x00002860                init_ir_remote_control
                0x00002b4e                ir_remote_get_check
                0x00002b54                ir_remote_get_address
                0x00002900                __vector_13
                0x00002b60                handleIRRemoteCommands
                0x00002b5a                ir_remote_get_data
                0x00002898                __vector_10
 .text          0x00003032      0x4ae speed_control.o
                0x00003034                start_speed_control_right
                0x0000328a                start_speed_control_left
                0x00003032                init_speed_control
 .text          0x000034e0        0x0 variables.o
 .text          0x000034e0       0xce ports_io.o
                0x000034e0                initPortsIO
 .text          0x000035ae      0x15e twimaster.o
                0x00003674                i2c_write
                0x000036ac                i2c_readNak
                0x00003698                i2c_readAck
                0x000036c0                i2c_rep_start
                0x000035ae                i2c_close
                0x000035c8                i2c_start
                0x00003664                i2c_stop
                0x00003614                i2c_start_wait
                0x000035b8                i2c_init
 .text          0x0000370c      0x212 usart.o
                0x00003760                closeUsart
                0x00003736                initUsart1
                0x000037b4                usart0Receive
                0x0000376e                usart0Transmit
                0x000037da                __vector_25
                0x0000370c                initUsart0
                0x000037a6                usart0InputBufferEmpty
                0x0000378a                usart1Transmit
 .text          0x0000391e      0x288 utility.o
                0x0000391e                getSelector
                0x00003ace                sleep
                0x00003a12                initPeripherals
                0x0000397e                getTime100MicroSec
                0x00003990                readBatteryLevel
                0x00003998                resetOdometry
                0x0000396a                __vector_15
 .text          0x00003ba6      0xcb6 adc.o
                0x00003ba6                initAdc
                0x00003be8                __vector_29
 .text          0x0000485c     0x3868 motors.o
                0x00006dd8                handleMotorsWithSpeedController
                0x00006074                __vector_32
                0x000060cc                handleSoftAcceleration
                0x00007d52                initCalibration
                0x00005f46                __vector_35
                0x00004c0a                getInputFromSpeed
                0x0000774c                handleMotorsWithNoController
                0x00005dac                __vector_45
                0x0000499c                setRightSpeed
                0x0000485c                initMotors
                0x00005f1a                __vector_43
                0x000067a0                handleCalibration
                0x00005858                getLeftSpeedFromInput
                0x000060a0                __vector_33
                0x00004918                cast_speed
                0x00006444                writeDefaultCalibration
                0x00004a02                updateOdomData
                0x0000536a                getRightSpeedFromInput
                0x00004936                setLeftSpeed
                0x00005eee                __vector_42
 .text          0x000080c4      0x474 behaviors.o
                0x0000811a                disableCliffAvoidance
                0x00008104                enableObstacleAvoidance
                0x0000852a                initBehaviors
                0x00008112                enableCliffAvoidance
                0x00008120                obstacleAvoidance
                0x0000810c                disableObstacleAvoidance
                0x000080c4                cliffDetected
 .text          0x00008538      0x29c leds.o
                0x00008538                initRGBleds
                0x000085b2                updateRedLed
                0x00008636                setGreenLed
                0x000085de                updateGreenLed
                0x0000857c                toggleBlueLed
                0x000087a2                turnOnGreenLeds
                0x00008770                turnOffGreenLeds
                0x0000860a                updateBlueLed
 .text          0x000087d4     0x1348 sensors.o
                0x00008be6                readAccelXYZ_1
                0x00008898                computeAngle
                0x00008efc                readAccelXY
                0x00009124                calibrateSensors
                0x00009a8c                initAccelerometer
                0x00008c68                readAccelXYZ
                0x00008810                initADXL345
                0x0000898c                readAccelXYZ_2
                0x000087d4                readTemperature
                0x00008870                initMMA7455L
 .text          0x00009b1c       0x30 eepromIO.o
                0x00009b2e                writeCalibrationToFlash
                0x00009b1c                readCalibrationFromFlash
 .text          0x00009b4c     0x17fc irCommunication.o
                0x00009ba6                irCommReceivingSensor
                0x00009b6a                irCommDeinit
                0x00009c14                resetDebugVariables
                0x00009d66                irCommTasks
                0x00009b86                irCommDataSent
                0x0000b2d6                irCommInit
                0x0000b2aa                irCommInitVars
                0x00009b9c                irCommReadData
                0x00009bac                getBearing
                0x00009b74                irCommSendData
                0x00009b4c                irCommInitTransmitter
                0x00009b96                irCommDataAvailable
                0x00009b5a                irCommInitReceiver
 .text          0x0000b348        0x0 c:/winavr-20100110/bin/../lib/gcc/avr/4.3.3/../../../../avr/lib/avr6\libm.a(addsf3.o)
 .text          0x0000b348        0x0 c:/winavr-20100110/bin/../lib/gcc/avr/4.3.3/../../../../avr/lib/avr6\libm.a(addsf3x.o)
 .text          0x0000b348        0x0 c:/winavr-20100110/bin/../lib/gcc/avr/4.3.3/../../../../avr/lib/avr6\libm.a(atan2.o)
 .text          0x0000b348        0x0 c:/winavr-20100110/bin/../lib/gcc/avr/4.3.3/../../../../avr/lib/avr6\libm.a(atan.o)
 .text          0x0000b348        0x0 c:/winavr-20100110/bin/../lib/gcc/avr/4.3.3/../../../../avr/lib/avr6\libm.a(cmpsf2.o)
 .text          0x0000b348        0x0 c:/winavr-20100110/bin/../lib/gcc/avr/4.3.3/../../../../avr/lib/avr6\libm.a(cos.o)
 .text          0x0000b348        0x0 c:/winavr-20100110/bin/../lib/gcc/avr/4.3.3/../../../../avr/lib/avr6\libm.a(divsf3.o)
 .text          0x0000b348        0x0 c:/winavr-20100110/bin/../lib/gcc/avr/4.3.3/../../../../avr/lib/avr6\libm.a(divsf3x.o)
 .text          0x0000b348        0x0 c:/winavr-20100110/bin/../lib/gcc/avr/4.3.3/../../../../avr/lib/avr6\libm.a(fixsfsi.o)
 .text          0x0000b348        0x0 c:/winavr-20100110/bin/../lib/gcc/avr/4.3.3/../../../../avr/lib/avr6\libm.a(fixunssfsi.o)
 .text          0x0000b348        0x0 c:/winavr-20100110/bin/../lib/gcc/avr/4.3.3/../../../../avr/lib/avr6\libm.a(floatsisf.o)
 .text          0x0000b348        0x0 c:/winavr-20100110/bin/../lib/gcc/avr/4.3.3/../../../../avr/lib/avr6\libm.a(fp_cmp.o)
 .text          0x0000b348        0x0 c:/winavr-20100110/bin/../lib/gcc/avr/4.3.3/../../../../avr/lib/avr6\libm.a(fp_inf.o)
 .text          0x0000b348        0x0 c:/winavr-20100110/bin/../lib/gcc/avr/4.3.3/../../../../avr/lib/avr6\libm.a(fp_nan.o)
 .text          0x0000b348        0x0 c:/winavr-20100110/bin/../lib/gcc/avr/4.3.3/../../../../avr/lib/avr6\libm.a(fp_powser.o)
 .text          0x0000b348        0x0 c:/winavr-20100110/bin/../lib/gcc/avr/4.3.3/../../../../avr/lib/avr6\libm.a(fp_pscA.o)
 .text          0x0000b348        0x0 c:/winavr-20100110/bin/../lib/gcc/avr/4.3.3/../../../../avr/lib/avr6\libm.a(fp_pscB.o)
 .text          0x0000b348        0x0 c:/winavr-20100110/bin/../lib/gcc/avr/4.3.3/../../../../avr/lib/avr6\libm.a(fp_rempio2.o)
 .text          0x0000b348        0x0 c:/winavr-20100110/bin/../lib/gcc/avr/4.3.3/../../../../avr/lib/avr6\libm.a(fp_round.o)
 .text          0x0000b348        0x0 c:/winavr-20100110/bin/../lib/gcc/avr/4.3.3/../../../../avr/lib/avr6\libm.a(fp_sinus.o)
 .text          0x0000b348        0x0 c:/winavr-20100110/bin/../lib/gcc/avr/4.3.3/../../../../avr/lib/avr6\libm.a(fp_split3.o)
 .text          0x0000b348        0x0 c:/winavr-20100110/bin/../lib/gcc/avr/4.3.3/../../../../avr/lib/avr6\libm.a(fp_zero.o)
 .text          0x0000b348        0x0 c:/winavr-20100110/bin/../lib/gcc/avr/4.3.3/../../../../avr/lib/avr6\libm.a(gesf2.o)
 .text          0x0000b348        0x0 c:/winavr-20100110/bin/../lib/gcc/avr/4.3.3/../../../../avr/lib/avr6\libm.a(inverse.o)
 .text          0x0000b348        0x0 c:/winavr-20100110/bin/../lib/gcc/avr/4.3.3/../../../../avr/lib/avr6\libm.a(mulsf3.o)
 .text          0x0000b348        0x0 c:/winavr-20100110/bin/../lib/gcc/avr/4.3.3/../../../../avr/lib/avr6\libm.a(mulsf3x.o)
 .text          0x0000b348        0x0 c:/winavr-20100110/bin/../lib/gcc/avr/4.3.3/../../../../avr/lib/avr6\libm.a(sin.o)
 .text          0x0000b348        0x0 c:/winavr-20100110/bin/../lib/gcc/avr/4.3.3/../../../../avr/lib/avr6\libm.a(square.o)
 .text          0x0000b348        0x0 c:/winavr-20100110/bin/../lib/gcc/avr/4.3.3/../../../../avr/lib/avr6\libm.a(fp_mpack.o)
 .text          0x0000b348        0x0 c:/winavr-20100110/bin/../lib/gcc/avr/4.3.3/../../../../avr/lib/avr6\libm.a(fp_powsodd.o)
 .text          0x0000b348        0x0 c:/winavr-20100110/bin/../lib/gcc/avr/4.3.3/avr6\libgcc.a(_mulsi3.o)
 .text          0x0000b348        0x0 c:/winavr-20100110/bin/../lib/gcc/avr/4.3.3/avr6\libgcc.a(_udivmodhi4.o)
 .text          0x0000b348        0x0 c:/winavr-20100110/bin/../lib/gcc/avr/4.3.3/avr6\libgcc.a(_divmodhi4.o)
 .text          0x0000b348        0x0 c:/winavr-20100110/bin/../lib/gcc/avr/4.3.3/avr6\libgcc.a(_divmodsi4.o)
 .text          0x0000b348        0x0 c:/winavr-20100110/bin/../lib/gcc/avr/4.3.3/avr6\libgcc.a(_exit.o)
 .text          0x0000b348        0x0 c:/winavr-20100110/bin/../lib/gcc/avr/4.3.3/avr6\libgcc.a(_clear_bss.o)
 .text          0x0000b348        0x0 c:/winavr-20100110/bin/../lib/gcc/avr/4.3.3/avr6\libgcc.a(_udivmodsi4.o)
 .text          0x0000b348        0x0 c:/winavr-20100110/bin/../lib/gcc/avr/4.3.3/../../../../avr/lib/avr6\libc.a(rand.o)
 .text          0x0000b348        0x0 c:/winavr-20100110/bin/../lib/gcc/avr/4.3.3/../../../../avr/lib/avr6\libc.a(memset.o)
 .text          0x0000b348        0x0 c:/winavr-20100110/bin/../lib/gcc/avr/4.3.3/../../../../avr/lib/avr6\libc.a(eerd_block_atmega2560.o)
 .text          0x0000b348        0x0 c:/winavr-20100110/bin/../lib/gcc/avr/4.3.3/../../../../avr/lib/avr6\libc.a(eerd_byte_atmega2560.o)
 .text          0x0000b348        0x0 c:/winavr-20100110/bin/../lib/gcc/avr/4.3.3/../../../../avr/lib/avr6\libc.a(eerd_word_atmega2560.o)
 .text          0x0000b348        0x0 c:/winavr-20100110/bin/../lib/gcc/avr/4.3.3/../../../../avr/lib/avr6\libc.a(eeupd_block_atmega2560.o)
 .text          0x0000b348        0x0 c:/winavr-20100110/bin/../lib/gcc/avr/4.3.3/../../../../avr/lib/avr6\libc.a(eeupd_byte_atmega2560.o)
 .text          0x0000b348        0x0 c:/winavr-20100110/bin/../lib/gcc/avr/4.3.3/../../../../avr/lib/avr6\libc.a(eeupd_word_atmega2560.o)
 .text          0x0000b348        0x0 c:/winavr-20100110/bin/../lib/gcc/avr/4.3.3/../../../../avr/lib/avr6\libc.a(eewr_byte_atmega2560.o)
 .text          0x0000b348        0x0 c:/winavr-20100110/bin/../lib/gcc/avr/4.3.3/../../../../avr/lib/avr6\libc.a(eewr_word_atmega2560.o)
                0x0000b348                . = ALIGN (0x2)
 *(.text.*)
 .text.avr-libc.fplib
                0x0000b348        0xa c:/winavr-20100110/bin/../lib/gcc/avr/4.3.3/../../../../avr/lib/avr6\libm.a(addsf3.o)
                0x0000b348                __subsf3
                0x0000b34a                __addsf3
 .text.avr-libc.fplib
                0x0000b352       0xc0 c:/winavr-20100110/bin/../lib/gcc/avr/4.3.3/../../../../avr/lib/avr6\libm.a(addsf3x.o)
                0x0000b36c                __addsf3x
 .text.avr-libc.fplib
                0x0000b412       0x74 c:/winavr-20100110/bin/../lib/gcc/avr/4.3.3/../../../../avr/lib/avr6\libm.a(atan2.o)
                0x0000b430                atan2
 .text.avr-libc.fplib
                0x0000b486       0x50 c:/winavr-20100110/bin/../lib/gcc/avr/4.3.3/../../../../avr/lib/avr6\libm.a(atan.o)
                0x0000b486                atan
 .text.avr-libc.fplib
                0x0000b4d6        0x8 c:/winavr-20100110/bin/../lib/gcc/avr/4.3.3/../../../../avr/lib/avr6\libm.a(cmpsf2.o)
                0x0000b4d6                __lesf2
                0x0000b4d6                __nesf2
                0x0000b4d6                __eqsf2
                0x0000b4d6                __cmpsf2
                0x0000b4d6                __ltsf2
 .text.avr-libc.fplib
                0x0000b4de        0x6 c:/winavr-20100110/bin/../lib/gcc/avr/4.3.3/../../../../avr/lib/avr6\libm.a(cos.o)
                0x0000b4de                cos
 .text.avr-libc.fplib
                0x0000b4e4        0x4 c:/winavr-20100110/bin/../lib/gcc/avr/4.3.3/../../../../avr/lib/avr6\libm.a(divsf3.o)
                0x0000b4e4                __divsf3
 .text.avr-libc.fplib
                0x0000b4e8       0xcc c:/winavr-20100110/bin/../lib/gcc/avr/4.3.3/../../../../avr/lib/avr6\libm.a(divsf3x.o)
                0x0000b4fe                __divsf3x
                0x0000b502                __divsf3_pse
 .text.avr-libc.fplib
                0x0000b5b4        0xa c:/winavr-20100110/bin/../lib/gcc/avr/4.3.3/../../../../avr/lib/avr6\libm.a(fixsfsi.o)
                0x0000b5b4                __fixsfsi
 .text.avr-libc.fplib
                0x0000b5be       0x58 c:/winavr-20100110/bin/../lib/gcc/avr/4.3.3/../../../../avr/lib/avr6\libm.a(fixunssfsi.o)
                0x0000b5be                __fixunssfsi
 .text.avr-libc.fplib
                0x0000b616       0x7a c:/winavr-20100110/bin/../lib/gcc/avr/4.3.3/../../../../avr/lib/avr6\libm.a(floatsisf.o)
                0x0000b61a                __floatsisf
                0x0000b616                __floatunsisf
 .text.avr-libc.fplib
                0x0000b690       0x48 c:/winavr-20100110/bin/../lib/gcc/avr/4.3.3/../../../../avr/lib/avr6\libm.a(fp_cmp.o)
                0x0000b690                __fp_cmp
 .text.avr-libc.fplib
                0x0000b6d8        0xc c:/winavr-20100110/bin/../lib/gcc/avr/4.3.3/../../../../avr/lib/avr6\libm.a(fp_inf.o)
                0x0000b6d8                __fp_inf
 .text.avr-libc.fplib
                0x0000b6e4        0x6 c:/winavr-20100110/bin/../lib/gcc/avr/4.3.3/../../../../avr/lib/avr6\libm.a(fp_nan.o)
                0x0000b6e4                __fp_nan
 .text.avr-libc.fplib
                0x0000b6ea       0x4a c:/winavr-20100110/bin/../lib/gcc/avr/4.3.3/../../../../avr/lib/avr6\libm.a(fp_powser.o)
                0x0000b6ea                __fp_powser
 .text.avr-libc.fplib
                0x0000b734        0xe c:/winavr-20100110/bin/../lib/gcc/avr/4.3.3/../../../../avr/lib/avr6\libm.a(fp_pscA.o)
                0x0000b734                __fp_pscA
 .text.avr-libc.fplib
                0x0000b742        0xe c:/winavr-20100110/bin/../lib/gcc/avr/4.3.3/../../../../avr/lib/avr6\libm.a(fp_pscB.o)
                0x0000b742                __fp_pscB
 .text.avr-libc.fplib
                0x0000b750       0x50 c:/winavr-20100110/bin/../lib/gcc/avr/4.3.3/../../../../avr/lib/avr6\libm.a(fp_rempio2.o)
                0x0000b752                __fp_rempio2
 .text.avr-libc.fplib
                0x0000b7a0       0x22 c:/winavr-20100110/bin/../lib/gcc/avr/4.3.3/../../../../avr/lib/avr6\libm.a(fp_round.o)
                0x0000b7a0                __fp_round
 .text.avr-libc.fplib
                0x0000b7c2       0x22 c:/winavr-20100110/bin/../lib/gcc/avr/4.3.3/../../../../avr/lib/avr6\libm.a(fp_sinus.o)
                0x0000b7c2                __fp_sinus
 .text.avr-libc.fplib
                0x0000b7e4       0x44 c:/winavr-20100110/bin/../lib/gcc/avr/4.3.3/../../../../avr/lib/avr6\libm.a(fp_split3.o)
                0x0000b7e4                __fp_split3
                0x0000b7f4                __fp_splitA
 .text.avr-libc.fplib
                0x0000b828        0xe c:/winavr-20100110/bin/../lib/gcc/avr/4.3.3/../../../../avr/lib/avr6\libm.a(fp_zero.o)
                0x0000b828                __fp_zero
                0x0000b82a                __fp_szero
 .text.avr-libc.fplib
                0x0000b836        0x8 c:/winavr-20100110/bin/../lib/gcc/avr/4.3.3/../../../../avr/lib/avr6\libm.a(gesf2.o)
                0x0000b836                __gtsf2
                0x0000b836                __gesf2
 .text.avr-libc.fplib
                0x0000b83e        0xe c:/winavr-20100110/bin/../lib/gcc/avr/4.3.3/../../../../avr/lib/avr6\libm.a(inverse.o)
                0x0000b83e                inverse
 .text.avr-libc.fplib
                0x0000b84c        0x4 c:/winavr-20100110/bin/../lib/gcc/avr/4.3.3/../../../../avr/lib/avr6\libm.a(mulsf3.o)
                0x0000b84c                __mulsf3
 .text.avr-libc.fplib
                0x0000b850       0xc2 c:/winavr-20100110/bin/../lib/gcc/avr/4.3.3/../../../../avr/lib/avr6\libm.a(mulsf3x.o)
                0x0000b868                __mulsf3_pse
                0x0000b864                __mulsf3x
 .text.avr-libc.fplib
                0x0000b912        0xc c:/winavr-20100110/bin/../lib/gcc/avr/4.3.3/../../../../avr/lib/avr6\libm.a(sin.o)
                0x0000b912                sin
 .text.avr-libc.fplib
                0x0000b91e        0x6 c:/winavr-20100110/bin/../lib/gcc/avr/4.3.3/../../../../avr/lib/avr6\libm.a(square.o)
                0x0000b91e                square
 .text.avr-libc.fplib
                0x0000b924       0x1c c:/winavr-20100110/bin/../lib/gcc/avr/4.3.3/../../../../avr/lib/avr6\libm.a(fp_mpack.o)
                0x0000b928                __fp_mpack_finite
                0x0000b924                __fp_mpack
 .text.avr-libc.fplib
                0x0000b940       0x22 c:/winavr-20100110/bin/../lib/gcc/avr/4.3.3/../../../../avr/lib/avr6\libm.a(fp_powsodd.o)
                0x0000b940                __fp_powsodd
 .text.libgcc   0x0000b962       0x3e c:/winavr-20100110/bin/../lib/gcc/avr/4.3.3/avr6\libgcc.a(_mulsi3.o)
                0x0000b962                __mulsi3
 .text.libgcc   0x0000b9a0       0x28 c:/winavr-20100110/bin/../lib/gcc/avr/4.3.3/avr6\libgcc.a(_udivmodhi4.o)
                0x0000b9a0                __udivmodhi4
 .text.libgcc   0x0000b9c8       0x26 c:/winavr-20100110/bin/../lib/gcc/avr/4.3.3/avr6\libgcc.a(_divmodhi4.o)
                0x0000b9c8                __divmodhi4
                0x0000b9c8                _div
 .text.libgcc   0x0000b9ee       0x36 c:/winavr-20100110/bin/../lib/gcc/avr/4.3.3/avr6\libgcc.a(_divmodsi4.o)
                0x0000b9ee                __divmodsi4
 .text.libgcc   0x0000ba24        0x0 c:/winavr-20100110/bin/../lib/gcc/avr/4.3.3/avr6\libgcc.a(_exit.o)
 .text.libgcc   0x0000ba24        0x0 c:/winavr-20100110/bin/../lib/gcc/avr/4.3.3/avr6\libgcc.a(_clear_bss.o)
 .text.libgcc   0x0000ba24       0x44 c:/winavr-20100110/bin/../lib/gcc/avr/4.3.3/avr6\libgcc.a(_udivmodsi4.o)
                0x0000ba24                __udivmodsi4
 .text.avr-libc
                0x0000ba68       0xd6 c:/winavr-20100110/bin/../lib/gcc/avr/4.3.3/../../../../avr/lib/avr6\libc.a(rand.o)
                0x0000bb18                rand_r
                0x0000bb1e                rand
                0x0000bb28                srand
 .text.avr-libc
                0x0000bb3e        0xe c:/winavr-20100110/bin/../lib/gcc/avr/4.3.3/../../../../avr/lib/avr6\libc.a(memset.o)
                0x0000bb3e                memset
 .text.avr-libc
                0x0000bb4c       0x20 c:/winavr-20100110/bin/../lib/gcc/avr/4.3.3/../../../../avr/lib/avr6\libc.a(eerd_block_atmega2560.o)
                0x0000bb50                __eerd_blraw_m2560
                0x0000bb4c                __eerd_block_m2560
 .text.avr-libc
                0x0000bb6c       0x10 c:/winavr-20100110/bin/../lib/gcc/avr/4.3.3/../../../../avr/lib/avr6\libc.a(eerd_byte_atmega2560.o)
                0x0000bb6c                __eerd_byte_m2560
 .text.avr-libc
                0x0000bb7c        0xc c:/winavr-20100110/bin/../lib/gcc/avr/4.3.3/../../../../avr/lib/avr6\libc.a(eerd_word_atmega2560.o)
                0x0000bb7c                __eerd_word_m2560
 .text.avr-libc
                0x0000bb88       0x20 c:/winavr-20100110/bin/../lib/gcc/avr/4.3.3/../../../../avr/lib/avr6\libc.a(eeupd_block_atmega2560.o)
                0x0000bb88                __eeupd_block_m2560
 .text.avr-libc
                0x0000bba8       0x24 c:/winavr-20100110/bin/../lib/gcc/avr/4.3.3/../../../../avr/lib/avr6\libc.a(eeupd_byte_atmega2560.o)
                0x0000bba8                __eeupd_byte_m2560
                0x0000bbaa                __eeupd_r18_m2560
 .text.avr-libc
                0x0000bbcc        0xc c:/winavr-20100110/bin/../lib/gcc/avr/4.3.3/../../../../avr/lib/avr6\libc.a(eeupd_word_atmega2560.o)
                0x0000bbcc                __eeupd_word_m2560
 .text.avr-libc
                0x0000bbd8       0x1c c:/winavr-20100110/bin/../lib/gcc/avr/4.3.3/../../../../avr/lib/avr6\libc.a(eewr_byte_atmega2560.o)
                0x0000bbda                __eewr_r18_m2560
                0x0000bbd8                __eewr_byte_m2560
 .text.avr-libc
                0x0000bbf4        0xa c:/winavr-20100110/bin/../lib/gcc/avr/4.3.3/../../../../avr/lib/avr6\libc.a(eewr_word_atmega2560.o)
                0x0000bbf4                __eewr_word_m2560
                0x0000bbfe                . = ALIGN (0x2)
 *(.fini9)
 .fini9         0x0000bbfe        0x0 c:/winavr-20100110/bin/../lib/gcc/avr/4.3.3/avr6\libgcc.a(_exit.o)
                0x0000bbfe                exit
                0x0000bbfe                _exit
 *(.fini9)
 *(.fini8)
 *(.fini8)
 *(.fini7)
 *(.fini7)
 *(.fini6)
 *(.fini6)
 *(.fini5)
 *(.fini5)
 *(.fini4)
 *(.fini4)
 *(.fini3)
 *(.fini3)
 *(.fini2)
 *(.fini2)
 *(.fini1)
 *(.fini1)
 *(.fini0)
 .fini0         0x0000bbfe        0x4 c:/winavr-20100110/bin/../lib/gcc/avr/4.3.3/avr6\libgcc.a(_exit.o)
 *(.fini0)
                0x0000bc02                _etext = .

.data           0x00800200       0x1a load address 0x0000bc02
                0x00800200                PROVIDE (__data_start, .)
 *(.data)
 .data          0x00800200        0x0 c:/winavr-20100110/bin/../lib/gcc/avr/4.3.3/../../../../avr/lib/avr6/crtm2560.o
 .data          0x00800200        0x0 main.o
 .data          0x00800200        0x0 spi.o
 .data          0x00800200        0x0 mirf.o
 .data          0x00800200        0x3 ir_remote_control.o
                0x00800200                check
 .data          0x00800203        0x0 speed_control.o
 .data          0x00800203       0x13 variables.o
                0x00800206                firstSampleLeft
                0x00800210                accelAddress
                0x0080020c                choosePeripheral
                0x00800212                robotPosition
                0x00800209                pwm_green
                0x0080020b                peripheralChoice
                0x00800213                speedStep
                0x00800208                pwm_red
                0x00800207                packetId
                0x0080020d                chooseMenu
                0x00800204                compute_right_vel
                0x00800215                irCommRxReceivingSensor
                0x00800214                irCommLastSensor
                0x00800211                currPosition
                0x00800203                compute_left_vel
                0x0080020f                checkGlitch
                0x0080020a                pwm_blue
                0x00800205                firstSampleRight
                0x0080020e                irEnabled
 .data          0x00800216        0x0 ports_io.o
 .data          0x00800216        0x0 twimaster.o
 .data          0x00800216        0x0 usart.o
 .data          0x00800216        0x0 utility.o
 .data          0x00800216        0x0 adc.o
 .data          0x00800216        0x0 motors.o
 .data          0x00800216        0x0 behaviors.o
 .data          0x00800216        0x0 leds.o
 .data          0x00800216        0x0 sensors.o
 .data          0x00800216        0x0 eepromIO.o
 .data          0x00800216        0x0 irCommunication.o
 .data          0x00800216        0x0 c:/winavr-20100110/bin/../lib/gcc/avr/4.3.3/../../../../avr/lib/avr6\libm.a(addsf3.o)
 .data          0x00800216        0x0 c:/winavr-20100110/bin/../lib/gcc/avr/4.3.3/../../../../avr/lib/avr6\libm.a(addsf3x.o)
 .data          0x00800216        0x0 c:/winavr-20100110/bin/../lib/gcc/avr/4.3.3/../../../../avr/lib/avr6\libm.a(atan2.o)
 .data          0x00800216        0x0 c:/winavr-20100110/bin/../lib/gcc/avr/4.3.3/../../../../avr/lib/avr6\libm.a(atan.o)
 .data          0x00800216        0x0 c:/winavr-20100110/bin/../lib/gcc/avr/4.3.3/../../../../avr/lib/avr6\libm.a(cmpsf2.o)
 .data          0x00800216        0x0 c:/winavr-20100110/bin/../lib/gcc/avr/4.3.3/../../../../avr/lib/avr6\libm.a(cos.o)
 .data          0x00800216        0x0 c:/winavr-20100110/bin/../lib/gcc/avr/4.3.3/../../../../avr/lib/avr6\libm.a(divsf3.o)
 .data          0x00800216        0x0 c:/winavr-20100110/bin/../lib/gcc/avr/4.3.3/../../../../avr/lib/avr6\libm.a(divsf3x.o)
 .data          0x00800216        0x0 c:/winavr-20100110/bin/../lib/gcc/avr/4.3.3/../../../../avr/lib/avr6\libm.a(fixsfsi.o)
 .data          0x00800216        0x0 c:/winavr-20100110/bin/../lib/gcc/avr/4.3.3/../../../../avr/lib/avr6\libm.a(fixunssfsi.o)
 .data          0x00800216        0x0 c:/winavr-20100110/bin/../lib/gcc/avr/4.3.3/../../../../avr/lib/avr6\libm.a(floatsisf.o)
 .data          0x00800216        0x0 c:/winavr-20100110/bin/../lib/gcc/avr/4.3.3/../../../../avr/lib/avr6\libm.a(fp_cmp.o)
 .data          0x00800216        0x0 c:/winavr-20100110/bin/../lib/gcc/avr/4.3.3/../../../../avr/lib/avr6\libm.a(fp_inf.o)
 .data          0x00800216        0x0 c:/winavr-20100110/bin/../lib/gcc/avr/4.3.3/../../../../avr/lib/avr6\libm.a(fp_nan.o)
 .data          0x00800216        0x0 c:/winavr-20100110/bin/../lib/gcc/avr/4.3.3/../../../../avr/lib/avr6\libm.a(fp_powser.o)
 .data          0x00800216        0x0 c:/winavr-20100110/bin/../lib/gcc/avr/4.3.3/../../../../avr/lib/avr6\libm.a(fp_pscA.o)
 .data          0x00800216        0x0 c:/winavr-20100110/bin/../lib/gcc/avr/4.3.3/../../../../avr/lib/avr6\libm.a(fp_pscB.o)
 .data          0x00800216        0x0 c:/winavr-20100110/bin/../lib/gcc/avr/4.3.3/../../../../avr/lib/avr6\libm.a(fp_rempio2.o)
 .data          0x00800216        0x0 c:/winavr-20100110/bin/../lib/gcc/avr/4.3.3/../../../../avr/lib/avr6\libm.a(fp_round.o)
 .data          0x00800216        0x0 c:/winavr-20100110/bin/../lib/gcc/avr/4.3.3/../../../../avr/lib/avr6\libm.a(fp_sinus.o)
 .data          0x00800216        0x0 c:/winavr-20100110/bin/../lib/gcc/avr/4.3.3/../../../../avr/lib/avr6\libm.a(fp_split3.o)
 .data          0x00800216        0x0 c:/winavr-20100110/bin/../lib/gcc/avr/4.3.3/../../../../avr/lib/avr6\libm.a(fp_zero.o)
 .data          0x00800216        0x0 c:/winavr-20100110/bin/../lib/gcc/avr/4.3.3/../../../../avr/lib/avr6\libm.a(gesf2.o)
 .data          0x00800216        0x0 c:/winavr-20100110/bin/../lib/gcc/avr/4.3.3/../../../../avr/lib/avr6\libm.a(inverse.o)
 .data          0x00800216        0x0 c:/winavr-20100110/bin/../lib/gcc/avr/4.3.3/../../../../avr/lib/avr6\libm.a(mulsf3.o)
 .data          0x00800216        0x0 c:/winavr-20100110/bin/../lib/gcc/avr/4.3.3/../../../../avr/lib/avr6\libm.a(mulsf3x.o)
 .data          0x00800216        0x0 c:/winavr-20100110/bin/../lib/gcc/avr/4.3.3/../../../../avr/lib/avr6\libm.a(sin.o)
 .data          0x00800216        0x0 c:/winavr-20100110/bin/../lib/gcc/avr/4.3.3/../../../../avr/lib/avr6\libm.a(square.o)
 .data          0x00800216        0x0 c:/winavr-20100110/bin/../lib/gcc/avr/4.3.3/../../../../avr/lib/avr6\libm.a(fp_mpack.o)
 .data          0x00800216        0x0 c:/winavr-20100110/bin/../lib/gcc/avr/4.3.3/../../../../avr/lib/avr6\libm.a(fp_powsodd.o)
 .data          0x00800216        0x0 c:/winavr-20100110/bin/../lib/gcc/avr/4.3.3/avr6\libgcc.a(_mulsi3.o)
 .data          0x00800216        0x0 c:/winavr-20100110/bin/../lib/gcc/avr/4.3.3/avr6\libgcc.a(_udivmodhi4.o)
 .data          0x00800216        0x0 c:/winavr-20100110/bin/../lib/gcc/avr/4.3.3/avr6\libgcc.a(_divmodhi4.o)
 .data          0x00800216        0x0 c:/winavr-20100110/bin/../lib/gcc/avr/4.3.3/avr6\libgcc.a(_divmodsi4.o)
 .data          0x00800216        0x0 c:/winavr-20100110/bin/../lib/gcc/avr/4.3.3/avr6\libgcc.a(_exit.o)
 .data          0x00800216        0x0 c:/winavr-20100110/bin/../lib/gcc/avr/4.3.3/avr6\libgcc.a(_clear_bss.o)
 .data          0x00800216        0x0 c:/winavr-20100110/bin/../lib/gcc/avr/4.3.3/avr6\libgcc.a(_udivmodsi4.o)
 .data          0x00800216        0x4 c:/winavr-20100110/bin/../lib/gcc/avr/4.3.3/../../../../avr/lib/avr6\libc.a(rand.o)
 .data          0x0080021a        0x0 c:/winavr-20100110/bin/../lib/gcc/avr/4.3.3/../../../../avr/lib/avr6\libc.a(memset.o)
 .data          0x0080021a        0x0 c:/winavr-20100110/bin/../lib/gcc/avr/4.3.3/../../../../avr/lib/avr6\libc.a(eerd_block_atmega2560.o)
 .data          0x0080021a        0x0 c:/winavr-20100110/bin/../lib/gcc/avr/4.3.3/../../../../avr/lib/avr6\libc.a(eerd_byte_atmega2560.o)
 .data          0x0080021a        0x0 c:/winavr-20100110/bin/../lib/gcc/avr/4.3.3/../../../../avr/lib/avr6\libc.a(eerd_word_atmega2560.o)
 .data          0x0080021a        0x0 c:/winavr-20100110/bin/../lib/gcc/avr/4.3.3/../../../../avr/lib/avr6\libc.a(eeupd_block_atmega2560.o)
 .data          0x0080021a        0x0 c:/winavr-20100110/bin/../lib/gcc/avr/4.3.3/../../../../avr/lib/avr6\libc.a(eeupd_byte_atmega2560.o)
 .data          0x0080021a        0x0 c:/winavr-20100110/bin/../lib/gcc/avr/4.3.3/../../../../avr/lib/avr6\libc.a(eeupd_word_atmega2560.o)
 .data          0x0080021a        0x0 c:/winavr-20100110/bin/../lib/gcc/avr/4.3.3/../../../../avr/lib/avr6\libc.a(eewr_byte_atmega2560.o)
 .data          0x0080021a        0x0 c:/winavr-20100110/bin/../lib/gcc/avr/4.3.3/../../../../avr/lib/avr6\libc.a(eewr_word_atmega2560.o)
 *(.data*)
 *(.rodata)
 *(.rodata*)
 *(.gnu.linkonce.d*)
                0x0080021a                . = ALIGN (0x2)
                0x0080021a                _edata = .
                0x0080021a                PROVIDE (__data_end, .)

.bss            0x0080021a      0x965
                0x0080021a                PROVIDE (__bss_start, .)
 *(.bss)
 .bss           0x0080021a        0x0 c:/winavr-20100110/bin/../lib/gcc/avr/4.3.3/../../../../avr/lib/avr6/crtm2560.o
 .bss           0x0080021a        0x0 main.o
 .bss           0x0080021a        0x0 spi.o
 .bss           0x0080021a        0x0 mirf.o
 .bss           0x0080021a        0x5 ir_remote_control.o
                0x0080021a                address
                0x0080021b                data_ir
 .bss           0x0080021f        0x0 speed_control.o
 .bss           0x0080021f      0x318 variables.o
                0x0080051d                irCommRxBitSkipped
                0x008004a1                rightDist
                0x008004e4                irCommLastData
                0x008004e8                angleError
                0x0080051e                irCommRxStartBitDetected
                0x008002f9                pwm_intermediate_right_desired
                0x00800459                chargeContact
                0x00800427                lastCmdTime
                0x008004d5                irCommEnabledNext
                0x008004a9                rightDistPrev
                0x0080051c                irCommRxDataAvailable
                0x008004f5                irCommMaxSensorValueCurrIndexTemp
                0x008004d6                irCommMode
                0x0080021f                currentAdChannel
                0x00800529                irCommTxLastTransmissionTime
                0x008002eb                right_vel_sum
                0x008004fb                irCommRxPeakHighToLowIndexTemp
                0x00800532                irCommTxSwitchCount
                0x008004f8                irCommShiftCountFinalIndexTemp
                0x00800224                leftMotorPhase
                0x00800301                pwm_left_speed_controller
                0x00800535                irCommTxSensorMask
                0x008004ed                irCommLedToggle
                0x008004b6                rightSpeedSumOdom
                0x00800462                demoEndTime
                0x0080049d                leftDist
                0x0080050e                irCommShiftCount
                0x008004df                irCommTickCounter2
                0x008004bc                rightSumCount
                0x00800525                irCommRxNumReceivingSensors
                0x00800220                currentProx
                0x008002e5                pwm_right_desired_to_control
                0x00800423                irCommand
                0x008004ef                irCommMaxSensorSignalIndexTemp
                0x00800225                proximityValue
                0x008004fe                irCommStateIndexTemp
                0x0080052d                irCommTxCrc
                0x00800223                rightMotorPhase
                0x00800458                outOfLine
                0x00800515                irCommRxCrcError
                0x00800309                pwm_right_working
                0x008004ad                computeOdometry
                0x0080051f                irCommRxPeakHighToLow
                0x008004d0                maxGround
                0x008002d9                leftMotStepsOld
                0x008002df                right_current_avg
                0x008004ca                timeRightOdom
                0x00800421                menuState
                0x00800307                delta_right_speed_sum
                0x008004c0                avgRightSpeed
                0x00800501                irCommRxBitReceivedIndexTemp
                0x00800430                accZ
                0x00800317                blinkState
                0x008004c4                speedRightFromEnc
                0x00800319                sendAdcValues
                0x008004c2                speedLeftFromEnc
                0x00800503                irCommAdcRxState
                0x00800477                cliffAvoidanceEnabled
                0x0080044c                temperature
                0x00800491                xPosOld
                0x008002fd                pwm_right_speed_controller
                0x00800504                irCommRxWindowSamples
                0x0080031b                byteCount
                0x00800526                irCommAdcTxState
                0x008004e6                angleDeg
                0x0080030d                speedl
                0x00800436                accOffsetXSum
                0x008004f6                irCommMinSensorValueCurrIndexTemp
                0x00800499                deltaDistOld
                0x00800502                irCommRxPrevDataReceived
                0x00800222                currentMotRightChannel
                0x00800513                irCommSwitchCount
                0x00800485                yPos
                0x00800446                accBuff
                0x00800520                irCommRxStartPeakDuration
                0x0080026d                proximityOffset
                0x008004fc                irCommRxStartPeakDurationIndexTemp
                0x00800479                theta
                0x0080044e                clockTick
                0x008002cd                rightMotSteps
                0x008002e7                pwm_left_desired_to_control
                0x008004f3                irCommProxMeanIndexTemp
                0x00800521                irCommRxMaxDiff
                0x00800438                accOffsetYSum
                0x00800422                getDataNow
                0x008002e1                last_left_current
                0x008002ed                last_left_vel
                0x00800315                rfDebugMode
                0x00800471                rgbLedState
                0x00800505                irCommRxCrc
                0x008004ba                leftSumCount
                0x00800426                behaviorState
                0x008002e3                last_right_current
                0x00800420                addressReceived
                0x008004be                avgLeftSpeed
                0x00800510                irCommProxMean
                0x008002ef                last_right_vel
                0x008002bb                measBattery
                0x00800466                speedStepCounter
                0x00800512                irCommSignalState
                0x008004e3                irCommTickCounterUpdate
                0x008004a5                leftDistPrev
                0x0080050f                irCommComputeShift
                0x00800313                rfFlags
                0x00800533                irCommTxSwitchCounter
                0x008002b7                rightChannelPhase
                0x0080031a                commError
                0x0080051a                irCommRxSequenceCount
                0x008004d4                irCommEnabled
                0x008002dd                left_current_avg
                0x008004fa                irCommComputeShiftIndexTemp
                0x008002f1                pwm_right
                0x008002bd                proximityResultLinear
                0x00800452                currentSelector
                0x00800500                irCommBitsSignalIndexTemp
                0x008002b9                batteryLevel
                0x00800495                yPosOld
                0x00800476                obstacleAvoidanceEnabled
                0x00800530                irCommTxDuration
                0x0080043e                accYMax
                0x008004b2                leftSpeedSumOdom
                0x008002f7                pwm_left_desired
                0x0080052f                irCommTxPulseState
                0x008002fb                pwm_intermediate_left_desired
                0x0080048d                thetaOld
                0x00800434                accOffsetY
                0x00800506                irCommProxSum
                0x008004c6                timeLeftOdom
                0x0080041e                currByteIndex
                0x0080041d                nextByteIndex
                0x00800489                deltaDist
                0x00800425                colorState
                0x00800221                currentMotLeftChannel
                0x00800457                lineFound
                0x008004ff                irCommSyncStateIndexTemp
                0x00800424                command_received
                0x0080042b                useAccel
                0x00800442                currentAngle
                0x00800455                hardwareRevision
                0x008004d8                irCommTempValue
                0x008004ae                thetaAcc
                0x0080030b                pwm_left_working
                0x008004d2                calibrationThr
                0x008004f7                irCommShiftCountIndexTemp
                0x0080047d                lastTheta
                0x00800472                lastTick
                0x00800481                xPos
                0x00800478                cliffDetectedFlag
                0x0080052e                irCommTxBitCount
                0x008002bc                proxUpdated
                0x0080046e                softAccEnabled
                0x008004f4                irCommSwitchCountIndexTemp
                0x008004f9                irCommStartDiffIndexTemp
                0x00800285                proximitySum
                0x008002f5                pwm_right_desired
                0x0080045e                demoStartTime2
                0x00800534                irCommTxDurationCycle
                0x0080041f                menuChoice
                0x008004eb                irCommRobotId
                0x00800318                rgbState
                0x00800527                irCommTxByte
                0x00800255                proximityResult
                0x00800305                delta_left_speed_sum
                0x008004da                irCommSendValues
                0x008002b5                adcSaveDataTo
                0x00800444                timesInSamePos
                0x008002d5                rightMotStepsOld
                0x008004ea                angleDegEncode
                0x00800536                irCommTxSensorGroup
                0x00800516                irCommRxByte
                0x008004fd                irCommRxStartBitDetectedIndexTemp
                0x0080051b                irCommRxLastDataReceived
                0x008004ee                irCommMsgCount
                0x008002b8                leftChannelPhase
                0x008002b6                adcSamplingState
                0x008002f3                pwm_left
                0x008004d7                irCommState
                0x0080042e                accY
                0x00800453                calibrationCycle
                0x00800314                spiCommError
                0x00800519                irCommRxByteExpected
                0x008004db                irCommTickCounter
                0x00800528                irCommTxByteEnqueued
                0x0080030f                speedr
                0x0080031d                uartBuff
                0x00800517                irCommSecondBitSkipped
                0x0080045a                demoStartTime
                0x00800456                demoState
                0x00800514                irCommRxBitCount
                0x008004ce                minGround
                0x008002e9                left_vel_sum
                0x0080043c                accXMin
                0x0080043a                accXMax
                0x0080042c                accX
                0x00800440                accYMin
                0x008002d1                leftMotSteps
                0x0080050a                irCommTempMax
                0x0080050c                irCommTempMin
                0x00800311                rfAddress
                0x0080046f                calibrationWritten
                0x00800470                greenLedState
                0x00800432                accOffsetX
                0x00800523                irCommRxMaxSensor
                0x00800316                rfDebugCounter
                0x008004ec                irCommRobotsNum
                0x008004f0                irCommMaxSensorSignalFiltIndexTemp
                0x008004f1                irCommRxMaxSensorIndexTemp
                0x008004f2                irCommRxMaxDiffIndexTemp
                0x00800518                irCommShiftCounter
 .bss           0x00800537        0x0 ports_io.o
 .bss           0x00800537        0x0 twimaster.o
 .bss           0x00800537        0x0 usart.o
 .bss           0x00800537        0x0 utility.o
 .bss           0x00800537        0x0 adc.o
 .bss           0x00800537        0x0 motors.o
 .bss           0x00800537        0x0 behaviors.o
 .bss           0x00800537        0x0 leds.o
 .bss           0x00800537        0x0 sensors.o
 .bss           0x00800537        0x0 eepromIO.o
 .bss           0x00800537        0x0 irCommunication.o
 .bss           0x00800537        0x0 c:/winavr-20100110/bin/../lib/gcc/avr/4.3.3/../../../../avr/lib/avr6\libm.a(addsf3.o)
 .bss           0x00800537        0x0 c:/winavr-20100110/bin/../lib/gcc/avr/4.3.3/../../../../avr/lib/avr6\libm.a(addsf3x.o)
 .bss           0x00800537        0x0 c:/winavr-20100110/bin/../lib/gcc/avr/4.3.3/../../../../avr/lib/avr6\libm.a(atan2.o)
 .bss           0x00800537        0x0 c:/winavr-20100110/bin/../lib/gcc/avr/4.3.3/../../../../avr/lib/avr6\libm.a(atan.o)
 .bss           0x00800537        0x0 c:/winavr-20100110/bin/../lib/gcc/avr/4.3.3/../../../../avr/lib/avr6\libm.a(cmpsf2.o)
 .bss           0x00800537        0x0 c:/winavr-20100110/bin/../lib/gcc/avr/4.3.3/../../../../avr/lib/avr6\libm.a(cos.o)
 .bss           0x00800537        0x0 c:/winavr-20100110/bin/../lib/gcc/avr/4.3.3/../../../../avr/lib/avr6\libm.a(divsf3.o)
 .bss           0x00800537        0x0 c:/winavr-20100110/bin/../lib/gcc/avr/4.3.3/../../../../avr/lib/avr6\libm.a(divsf3x.o)
 .bss           0x00800537        0x0 c:/winavr-20100110/bin/../lib/gcc/avr/4.3.3/../../../../avr/lib/avr6\libm.a(fixsfsi.o)
 .bss           0x00800537        0x0 c:/winavr-20100110/bin/../lib/gcc/avr/4.3.3/../../../../avr/lib/avr6\libm.a(fixunssfsi.o)
 .bss           0x00800537        0x0 c:/winavr-20100110/bin/../lib/gcc/avr/4.3.3/../../../../avr/lib/avr6\libm.a(floatsisf.o)
 .bss           0x00800537        0x0 c:/winavr-20100110/bin/../lib/gcc/avr/4.3.3/../../../../avr/lib/avr6\libm.a(fp_cmp.o)
 .bss           0x00800537        0x0 c:/winavr-20100110/bin/../lib/gcc/avr/4.3.3/../../../../avr/lib/avr6\libm.a(fp_inf.o)
 .bss           0x00800537        0x0 c:/winavr-20100110/bin/../lib/gcc/avr/4.3.3/../../../../avr/lib/avr6\libm.a(fp_nan.o)
 .bss           0x00800537        0x0 c:/winavr-20100110/bin/../lib/gcc/avr/4.3.3/../../../../avr/lib/avr6\libm.a(fp_powser.o)
 .bss           0x00800537        0x0 c:/winavr-20100110/bin/../lib/gcc/avr/4.3.3/../../../../avr/lib/avr6\libm.a(fp_pscA.o)
 .bss           0x00800537        0x0 c:/winavr-20100110/bin/../lib/gcc/avr/4.3.3/../../../../avr/lib/avr6\libm.a(fp_pscB.o)
 .bss           0x00800537        0x0 c:/winavr-20100110/bin/../lib/gcc/avr/4.3.3/../../../../avr/lib/avr6\libm.a(fp_rempio2.o)
 .bss           0x00800537        0x0 c:/winavr-20100110/bin/../lib/gcc/avr/4.3.3/../../../../avr/lib/avr6\libm.a(fp_round.o)
 .bss           0x00800537        0x0 c:/winavr-20100110/bin/../lib/gcc/avr/4.3.3/../../../../avr/lib/avr6\libm.a(fp_sinus.o)
 .bss           0x00800537        0x0 c:/winavr-20100110/bin/../lib/gcc/avr/4.3.3/../../../../avr/lib/avr6\libm.a(fp_split3.o)
 .bss           0x00800537        0x0 c:/winavr-20100110/bin/../lib/gcc/avr/4.3.3/../../../../avr/lib/avr6\libm.a(fp_zero.o)
 .bss           0x00800537        0x0 c:/winavr-20100110/bin/../lib/gcc/avr/4.3.3/../../../../avr/lib/avr6\libm.a(gesf2.o)
 .bss           0x00800537        0x0 c:/winavr-20100110/bin/../lib/gcc/avr/4.3.3/../../../../avr/lib/avr6\libm.a(inverse.o)
 .bss           0x00800537        0x0 c:/winavr-20100110/bin/../lib/gcc/avr/4.3.3/../../../../avr/lib/avr6\libm.a(mulsf3.o)
 .bss           0x00800537        0x0 c:/winavr-20100110/bin/../lib/gcc/avr/4.3.3/../../../../avr/lib/avr6\libm.a(mulsf3x.o)
 .bss           0x00800537        0x0 c:/winavr-20100110/bin/../lib/gcc/avr/4.3.3/../../../../avr/lib/avr6\libm.a(sin.o)
 .bss           0x00800537        0x0 c:/winavr-20100110/bin/../lib/gcc/avr/4.3.3/../../../../avr/lib/avr6\libm.a(square.o)
 .bss           0x00800537        0x0 c:/winavr-20100110/bin/../lib/gcc/avr/4.3.3/../../../../avr/lib/avr6\libm.a(fp_mpack.o)
 .bss           0x00800537        0x0 c:/winavr-20100110/bin/../lib/gcc/avr/4.3.3/../../../../avr/lib/avr6\libm.a(fp_powsodd.o)
 .bss           0x00800537        0x0 c:/winavr-20100110/bin/../lib/gcc/avr/4.3.3/avr6\libgcc.a(_mulsi3.o)
 .bss           0x00800537        0x0 c:/winavr-20100110/bin/../lib/gcc/avr/4.3.3/avr6\libgcc.a(_udivmodhi4.o)
 .bss           0x00800537        0x0 c:/winavr-20100110/bin/../lib/gcc/avr/4.3.3/avr6\libgcc.a(_divmodhi4.o)
 .bss           0x00800537        0x0 c:/winavr-20100110/bin/../lib/gcc/avr/4.3.3/avr6\libgcc.a(_divmodsi4.o)
 .bss           0x00800537        0x0 c:/winavr-20100110/bin/../lib/gcc/avr/4.3.3/avr6\libgcc.a(_exit.o)
 .bss           0x00800537        0x0 c:/winavr-20100110/bin/../lib/gcc/avr/4.3.3/avr6\libgcc.a(_clear_bss.o)
 .bss           0x00800537        0x0 c:/winavr-20100110/bin/../lib/gcc/avr/4.3.3/avr6\libgcc.a(_udivmodsi4.o)
 .bss           0x00800537        0x0 c:/winavr-20100110/bin/../lib/gcc/avr/4.3.3/../../../../avr/lib/avr6\libc.a(rand.o)
 .bss           0x00800537        0x0 c:/winavr-20100110/bin/../lib/gcc/avr/4.3.3/../../../../avr/lib/avr6\libc.a(memset.o)
 .bss           0x00800537        0x0 c:/winavr-20100110/bin/../lib/gcc/avr/4.3.3/../../../../avr/lib/avr6\libc.a(eerd_block_atmega2560.o)
 .bss           0x00800537        0x0 c:/winavr-20100110/bin/../lib/gcc/avr/4.3.3/../../../../avr/lib/avr6\libc.a(eerd_byte_atmega2560.o)
 .bss           0x00800537        0x0 c:/winavr-20100110/bin/../lib/gcc/avr/4.3.3/../../../../avr/lib/avr6\libc.a(eerd_word_atmega2560.o)
 .bss           0x00800537        0x0 c:/winavr-20100110/bin/../lib/gcc/avr/4.3.3/../../../../avr/lib/avr6\libc.a(eeupd_block_atmega2560.o)
 .bss           0x00800537        0x0 c:/winavr-20100110/bin/../lib/gcc/avr/4.3.3/../../../../avr/lib/avr6\libc.a(eeupd_byte_atmega2560.o)
 .bss           0x00800537        0x0 c:/winavr-20100110/bin/../lib/gcc/avr/4.3.3/../../../../avr/lib/avr6\libc.a(eeupd_word_atmega2560.o)
 .bss           0x00800537        0x0 c:/winavr-20100110/bin/../lib/gcc/avr/4.3.3/../../../../avr/lib/avr6\libc.a(eewr_byte_atmega2560.o)
 .bss           0x00800537        0x0 c:/winavr-20100110/bin/../lib/gcc/avr/4.3.3/../../../../avr/lib/avr6\libc.a(eewr_word_atmega2560.o)
 *(.bss*)
 *(COMMON)
 COMMON         0x00800537        0x1 mirf.o
                0x00800537                PTX
 COMMON         0x00800538      0x647 variables.o
                0x00800538                irCommMinSensorValueCurr
                0x0080053a                irCommMaxSensorValueCurrTemp
                0x0080053e                irCommStateTemp
                0x0080054c                irCommMaxSensorValueCurr
                0x0080054e                timeOdometry
                0x00800552                currentOsccal
                0x00800553                irCommSwitchCountTemp
                0x00800555                calibWheel
                0x00800556                irCommTxBitToTransmit
                0x00800562                irCommRxBitReceived
                0x0080056c                irCommSyncStateTemp
                0x0080056e                irCommComputeShiftTemp
                0x00800570                calibrateOdomFlag
                0x00800571                irCommProxMeanTemp
                0x00800575                delta_left_speed_current
                0x00800577                irCommRxStartBitDetectedTemp
                0x00800579                irCommMaxSensorSignalFiltTemp
                0x008005c9                irCommMinSensorValueAdc
                0x008005cb                irCommRxPeakHighToLowTemp
                0x008005cd                irCommProxValuesBuff1
                0x0080070d                irCommRxStartPeakDurationTemp
                0x0080070f                irCommProxValuesBuff2
                0x0080084f                irCommProxValuesCurr
                0x00800851                irCommMinSensorValueBuff1
                0x00800861                irCommRxBitReceivedTemp
                0x0080086b                irCommProxValuesAdc
                0x0080086d                irCommMaxSensorSignalTemp
                0x008008bd                calibVelIndex
                0x008008be                irCommStartDiffTemp
                0x008008c2                delta_right_speed_prev
                0x008008c4                ackPayload
                0x008008d4                irCommMinSensorValueBuff2
                0x008008e4                calibration
                0x00800974                dataLED
                0x0080097a                irCommMaxSensorValueBuff1
                0x0080098a                delta_left_speed_prev
                0x0080098c                rfData
                0x00800999                irCommBitsSignalTemp
                0x00800b29                delta_right_speed_current
                0x00800b2b                irCommRxMaxSensorTemp
                0x00800b2f                irCommMinSensorValueCurrTemp
                0x00800b33                timeoutOdometry
                0x00800b37                irCommShiftCountFinalTemp
                0x00800b39                irCommMaxSensorValueAdc
                0x00800b3b                irCommMaxSensorSignal
                0x00800b63                calibState
                0x00800b64                irCommRxMaxDiffTemp
                0x00800b68                irCommMaxSensorValueBuff2
                0x00800b78                tempVel
                0x00800b7a                irCommTempPointer
                0x00800b7c                startCalibration
                0x00800b7d                irCommShiftCountTemp
                0x00800b7f                PROVIDE (__bss_end, .)
                0x0000bc02                __data_load_start = LOADADDR (.data)
                0x0000bc1c                __data_load_end = (__data_load_start + SIZEOF (.data))

.noinit         0x00800b7f        0x0
                0x00800b7f                PROVIDE (__noinit_start, .)
 *(.noinit*)
                0x00800b7f                PROVIDE (__noinit_end, .)
                0x00800b7f                _end = .
                0x00800b7f                PROVIDE (__heap_start, .)

.eeprom         0x00810000        0x0
 *(.eeprom*)
                0x00810000                __eeprom_end = .

.fuse
 *(.fuse)
 *(.lfuse)
 *(.hfuse)
 *(.efuse)

.lock
 *(.lock*)

.signature
 *(.signature*)

.stab
 *(.stab)

.stabstr
 *(.stabstr)

.stab.excl
 *(.stab.excl)

.stab.exclstr
 *(.stab.exclstr)

.stab.index
 *(.stab.index)

.stab.indexstr
 *(.stab.indexstr)

.comment
 *(.comment)

.debug
 *(.debug)

.line
 *(.line)

.debug_srcinfo
 *(.debug_srcinfo)

.debug_sfnames
 *(.debug_sfnames)

.debug_aranges  0x00000000      0x200
 *(.debug_aranges)
 .debug_aranges
                0x00000000       0x20 main.o
 .debug_aranges
                0x00000020       0x20 spi.o
 .debug_aranges
                0x00000040       0x20 mirf.o
 .debug_aranges
                0x00000060       0x20 ir_remote_control.o
 .debug_aranges
                0x00000080       0x20 speed_control.o
 .debug_aranges
                0x000000a0       0x20 ports_io.o
 .debug_aranges
                0x000000c0       0x20 twimaster.o
 .debug_aranges
                0x000000e0       0x20 usart.o
 .debug_aranges
                0x00000100       0x20 utility.o
 .debug_aranges
                0x00000120       0x20 adc.o
 .debug_aranges
                0x00000140       0x20 motors.o
 .debug_aranges
                0x00000160       0x20 behaviors.o
 .debug_aranges
                0x00000180       0x20 leds.o
 .debug_aranges
                0x000001a0       0x20 sensors.o
 .debug_aranges
                0x000001c0       0x20 eepromIO.o
 .debug_aranges
                0x000001e0       0x20 irCommunication.o

.debug_pubnames
                0x00000000     0x2207
 *(.debug_pubnames)
 .debug_pubnames
                0x00000000       0x1b main.o
 .debug_pubnames
                0x0000001b       0x77 spi.o
 .debug_pubnames
                0x00000092      0x1cf mirf.o
 .debug_pubnames
                0x00000261       0xd3 ir_remote_control.o
 .debug_pubnames
                0x00000334       0x64 speed_control.o
 .debug_pubnames
                0x00000398     0x1715 variables.o
 .debug_pubnames
                0x00001aad       0x22 ports_io.o
 .debug_pubnames
                0x00001acf       0x9b twimaster.o
 .debug_pubnames
                0x00001b6a       0xa2 usart.o
 .debug_pubnames
                0x00001c0c       0x8e utility.o
 .debug_pubnames
                0x00001c9a       0x2e adc.o
 .debug_pubnames
                0x00001cc8      0x1b7 motors.o
 .debug_pubnames
                0x00001e7f       0xb8 behaviors.o
 .debug_pubnames
                0x00001f37       0xa3 leds.o
 .debug_pubnames
                0x00001fda       0xca sensors.o
 .debug_pubnames
                0x000020a4       0x4b eepromIO.o
 .debug_pubnames
                0x000020ef      0x118 irCommunication.o

.debug_info     0x00000000     0x4b30
 *(.debug_info)
 .debug_info    0x00000000      0x3a1 main.o
 .debug_info    0x000003a1      0x209 spi.o
 .debug_info    0x000005aa      0x9de mirf.o
 .debug_info    0x00000f88      0x301 ir_remote_control.o
 .debug_info    0x00001289      0x163 speed_control.o
 .debug_info    0x000013ec     0x15df variables.o
 .debug_info    0x000029cb       0x7f ports_io.o
 .debug_info    0x00002a4a      0x1da twimaster.o
 .debug_info    0x00002c24      0x215 usart.o
 .debug_info    0x00002e39      0x221 utility.o
 .debug_info    0x0000305a      0x3cf adc.o
 .debug_info    0x00003429      0x6fb motors.o
 .debug_info    0x00003b24      0x1d6 behaviors.o
 .debug_info    0x00003cfa      0x18b leds.o
 .debug_info    0x00003e85      0x3fb sensors.o
 .debug_info    0x00004280       0xaa eepromIO.o
 .debug_info    0x0000432a      0x806 irCommunication.o
 *(.gnu.linkonce.wi.*)

.debug_abbrev   0x00000000     0x109a
 *(.debug_abbrev)
 .debug_abbrev  0x00000000       0xb4 main.o
 .debug_abbrev  0x000000b4      0x125 spi.o
 .debug_abbrev  0x000001d9      0x29c mirf.o
 .debug_abbrev  0x00000475      0x131 ir_remote_control.o
 .debug_abbrev  0x000005a6       0x7d speed_control.o
 .debug_abbrev  0x00000623       0x84 variables.o
 .debug_abbrev  0x000006a7       0x50 ports_io.o
 .debug_abbrev  0x000006f7      0x146 twimaster.o
 .debug_abbrev  0x0000083d       0xea usart.o
 .debug_abbrev  0x00000927       0xba utility.o
 .debug_abbrev  0x000009e1       0xbf adc.o
 .debug_abbrev  0x00000aa0      0x1de motors.o
 .debug_abbrev  0x00000c7e       0xd8 behaviors.o
 .debug_abbrev  0x00000d56       0x83 leds.o
 .debug_abbrev  0x00000dd9      0x12d sensors.o
 .debug_abbrev  0x00000f06       0x69 eepromIO.o
 .debug_abbrev  0x00000f6f      0x12b irCommunication.o

.debug_line     0x00000000     0x7c6b
 *(.debug_line)
 .debug_line    0x00000000     0x134c main.o
 .debug_line    0x0000134c      0x20a spi.o
 .debug_line    0x00001556      0xcdd mirf.o
 .debug_line    0x00002233      0x654 ir_remote_control.o
 .debug_line    0x00002887      0x26f speed_control.o
 .debug_line    0x00002af6       0x89 variables.o
 .debug_line    0x00002b7f      0x1ec ports_io.o
 .debug_line    0x00002d6b      0x2bc twimaster.o
 .debug_line    0x00003027      0x2cf usart.o
 .debug_line    0x000032f6      0x383 utility.o
 .debug_line    0x00003679      0xb3c adc.o
 .debug_line    0x000041b5     0x16c0 motors.o
 .debug_line    0x00005875      0x24f behaviors.o
 .debug_line    0x00005ac4      0x2b2 leds.o
 .debug_line    0x00005d76      0xa28 sensors.o
 .debug_line    0x0000679e       0x96 eepromIO.o
 .debug_line    0x00006834     0x1437 irCommunication.o

.debug_frame    0x00000000      0x8d0
 *(.debug_frame)
 .debug_frame   0x00000000       0x20 main.o
 .debug_frame   0x00000020       0x70 spi.o
 .debug_frame   0x00000090      0x160 mirf.o
 .debug_frame   0x000001f0       0x80 ir_remote_control.o
 .debug_frame   0x00000270       0x40 speed_control.o
 .debug_frame   0x000002b0       0x20 ports_io.o
 .debug_frame   0x000002d0       0xa0 twimaster.o
 .debug_frame   0x00000370       0x90 usart.o
 .debug_frame   0x00000400       0x80 utility.o
 .debug_frame   0x00000480       0x30 adc.o
 .debug_frame   0x000004b0      0x150 motors.o
 .debug_frame   0x00000600       0x80 behaviors.o
 .debug_frame   0x00000680       0x90 leds.o
 .debug_frame   0x00000710       0xb0 sensors.o
 .debug_frame   0x000007c0       0x30 eepromIO.o
 .debug_frame   0x000007f0       0xe0 irCommunication.o

.debug_str      0x00000000     0x1d3b
 *(.debug_str)
 .debug_str     0x00000000      0x33f main.o
                                0x378 (size before relaxing)
 .debug_str     0x0000033f       0x7f spi.o
                                0x158 (size before relaxing)
 .debug_str     0x000003be      0x227 mirf.o
                                0x406 (size before relaxing)
 .debug_str     0x000005e5      0x118 ir_remote_control.o
                                0x2d9 (size before relaxing)
 .debug_str     0x000006fd      0x179 speed_control.o
                                0x251 (size before relaxing)
 .debug_str     0x00000876      0xe5b variables.o
                               0x1390 (size before relaxing)
 .debug_str     0x000016d1       0x1a ports_io.o
                                 0xfa (size before relaxing)
 .debug_str     0x000016eb       0x79 twimaster.o
                                0x15d (size before relaxing)
 .debug_str     0x00001764       0x93 usart.o
                                0x1f4 (size before relaxing)
 .debug_str     0x000017f7       0x7b utility.o
                                0x21e (size before relaxing)
 .debug_str     0x00001872       0x1d adc.o
                                0x4c6 (size before relaxing)
 .debug_str     0x0000188f      0x18a motors.o
                                0x64a (size before relaxing)
 .debug_str     0x00001a19       0xcc behaviors.o
                                0x212 (size before relaxing)
 .debug_str     0x00001ae5       0x87 leds.o
                                0x182 (size before relaxing)
 .debug_str     0x00001b6c       0xa2 sensors.o
                                0x2cf (size before relaxing)
 .debug_str     0x00001c0e       0x3f eepromIO.o
                                0x11a (size before relaxing)
 .debug_str     0x00001c4d       0xee irCommunication.o
                                0xa66 (size before relaxing)

.debug_loc      0x00000000     0x127f
 *(.debug_loc)
 .debug_loc     0x00000000      0x4d6 main.o
 .debug_loc     0x000004d6       0xa3 spi.o
 .debug_loc     0x00000579      0x22e mirf.o
 .debug_loc     0x000007a7       0xb0 speed_control.o
 .debug_loc     0x00000857       0xf3 twimaster.o
 .debug_loc     0x0000094a       0xc6 usart.o
 .debug_loc     0x00000a10       0x2b utility.o
 .debug_loc     0x00000a3b       0xe8 adc.o
 .debug_loc     0x00000b23      0x4f2 motors.o
 .debug_loc     0x00001015       0x98 behaviors.o
 .debug_loc     0x000010ad      0x154 leds.o
 .debug_loc     0x00001201       0x7e irCommunication.o

.debug_macinfo
 *(.debug_macinfo)
OUTPUT(Elisa3-avr-studio.elf elf32-avr)
LOAD linker stubs

.debug_ranges   0x00000000      0x100
 .debug_ranges  0x00000000       0x38 mirf.o
 .debug_ranges  0x00000038       0x30 twimaster.o
 .debug_ranges  0x00000068       0x58 motors.o
 .debug_ranges  0x000000c0       0x40 sensors.o
